#
# There is insufficient memory for the Java Runtime Environment to continue.
# Native memory allocation (mmap) failed to map 134217728 bytes for G1 virtual space
# Possible reasons:
#   The system is out of physical RAM or swap space
#   The process is running with CompressedOops enabled, and the Java Heap may be blocking the growth of the native heap
# Possible solutions:
#   Reduce memory load on the system
#   Increase physical memory or swap space
#   Check if swap backing store is full
#   Decrease Java heap size (-Xmx/-Xms)
#   Decrease number of Java threads
#   Decrease Java thread stack sizes (-Xss)
#   Set larger code cache with -XX:ReservedCodeCacheSize=
#   JVM is running with Unscaled Compressed Oops mode in which the Java heap is
#     placed in the first 4GB address space. The Java Heap base address is the
#     maximum limit for the native heap growth. Please use -XX:HeapBaseMinAddress
#     to set the Java Heap base and to place the Java Heap above 4GB virtual address.
# This output file may be truncated or incomplete.
#
#  Out of Memory Error (os_windows.cpp:3548), pid=20196, tid=14804
#
# JRE version:  (17.0.12+8) (build )
# Java VM: Java HotSpot(TM) 64-Bit Server VM (17.0.12+8-LTS-286, mixed mode, sharing, tiered, compressed oops, compressed class ptrs, g1 gc, windows-amd64)
# No core dump will be written. Minidumps are not enabled by default on client versions of Windows
#

---------------  S U M M A R Y ------------

Command Line: -javaagent:C:\Program Files\JetBrains\IntelliJ IDEA Community Edition 2025.2.1\lib\idea_rt.jar=60730 -Dfile.encoding=UTF-8 com.example.demo.Application

Host: Intel(R) Core(TM) i7-7500U CPU @ 2.70GHz, 4 cores, 7G,  Windows 10 , 64 bit Build 19041 (10.0.19041.5915)
Time: Wed Mar 25 12:31:20 2026 Maroc (heure d64 bit Build 19041 (10.0.19041.5915) elapsed time: 0.064527 seconds (0d 0h 0m 0s)

---------------  T H R E A D  ---------------

Current thread (0x000002c0bae36280):  JavaThread "Unknown thread" [_thread_in_vm, id=14804, stack(0x000000f0cce00000,0x000000f0ccf00000)]

Stack: [0x000000f0cce00000,0x000000f0ccf00000]
Native frames: (J=compiled Java code, j=interpreted, Vv=VM code, C=native code)
V  [jvm.dll+0x67a04a]
V  [jvm.dll+0x7da4ed]
V  [jvm.dll+0x7dbe33]
V  [jvm.dll+0x7dc4a3]
V  [jvm.dll+0x24508f]
V  [jvm.dll+0x677089]
V  [jvm.dll+0x66bd32]
V  [jvm.dll+0x301fa6]
V  [jvm.dll+0x309546]
V  [jvm.dll+0x359d2e]
V  [jvm.dll+0x359f5f]
V  [jvm.dll+0x2d9078]
V  [jvm.dll+0x2d9fe4]
V  [jvm.dll+0x7aca21]
V  [jvm.dll+0x367591]
V  [jvm.dll+0x78b999]
V  [jvm.dll+0x3ec83f]
V  [jvm.dll+0x3ee471]
C  [jli.dll+0x5297]
C  [ucrtbase.dll+0x21bb2]
C  [KERNEL32.DLL+0x17374]
C  [ntdll.dll+0x4cc91]


---------------  P R O C E S S  ---------------

Threads class SMR info:
_java_thread_list=0x00007fff19db7a18, length=0, elements={
}

Java Threads: ( => current thread )

Other Threads:
  0x000002c0bae8f120 GCTaskThread "GC Thread#0" [stack: 0x000000f0ccf00000,0x000000f0cd000000] [id=18516]
  0x000002c0baea0b90 ConcurrentGCThread "G1 Main Marker" [stack: 0x000000f0cd000000,0x000000f0cd100000] [id=4020]
  0x000002c0baea23c0 ConcurrentGCThread "G1 Conc#0" [stack: 0x000000f0cd100000,0x000000f0cd200000] [id=10128]

[error occurred during error reporting (printing all threads), id 0xc0000005, EXCEPTION_ACCESS_VIOLATION (0xc0000005) at pc=0x00007fff195e9b67]

VM state: not at safepoint (not fully initialized)

VM Mutex/Monitor currently owned by a thread:  ([mutex/lock_event])
[0x000002c0bae32060] Heap_lock - owner thread: 0x000002c0bae36280

Heap address: 0x0000000081800000, size: 2024 MB, Compressed Oops mode: 32-bit

CDS archive(s) mapped at: [0x0000000000000000-0x0000000000000000-0x0000000000000000), size 0, SharedBaseAddress: 0x0000000800000000, ArchiveRelocationMode: 1.
Narrow klass base: 0x0000000000000000, Narrow klass shift: 0, Narrow klass range: 0x0

GC Precious Log:
<Empty>

Heap:
 garbage-first heap   total 0K, used 0K [0x0000000081800000, 0x0000000100000000)
  region size 1024K, 0 young (0K), 0 survivors (0K)

[error occurred during error reporting (printing heap information), id 0xc0000005, EXCEPTION_ACCESS_VIOLATION (0xc0000005) at pc=0x00007fff199d3859]

GC Heap History (0 events):
No events

Deoptimization events (0 events):
No events

Classes unloaded (0 events):
No events

Classes redefined (0 events):
No events

Internal exceptions (0 events):
No events

VM Operations (0 events):
No events

Events (1 events):
Event: 0.041 Loaded shared library C:\Program Files\Java\jdk-17\bin\java.dll


Dynamic libraries:
0x00007ff74e5f0000 - 0x00007ff74e600000 	C:\Program Files\Java\jdk-17\bin\java.exe
0x00007fff82d90000 - 0x00007fff82f88000 	C:\WINDOWS\SYSTEM32\ntdll.dll
0x00007fff829d0000 - 0x00007fff82a92000 	C:\WINDOWS\System32\KERNEL32.DLL
0x00007fff80420000 - 0x00007fff80716000 	C:\WINDOWS\System32\KERNELBASE.dll
0x00007fff80940000 - 0x00007fff80a40000 	C:\WINDOWS\System32\ucrtbase.dll
0x00007fff76a00000 - 0x00007fff76a19000 	C:\Program Files\Java\jdk-17\bin\jli.dll
0x00007fff769e0000 - 0x00007fff769fb000 	C:\Program Files\Java\jdk-17\bin\VCRUNTIME140.dll
0x00007fff82490000 - 0x00007fff82541000 	C:\WINDOWS\System32\ADVAPI32.dll
0x00007fff82aa0000 - 0x00007fff82b3e000 	C:\WINDOWS\System32\msvcrt.dll
0x00007fff81f60000 - 0x00007fff81fff000 	C:\WINDOWS\System32\sechost.dll
0x00007fff82550000 - 0x00007fff82670000 	C:\WINDOWS\System32\RPCRT4.dll
0x00007fff80720000 - 0x00007fff80747000 	C:\WINDOWS\System32\bcrypt.dll
0x00007fff82b40000 - 0x00007fff82ce1000 	C:\WINDOWS\System32\USER32.dll
0x00007fff80d80000 - 0x00007fff80da2000 	C:\WINDOWS\System32\win32u.dll
0x00007fff81e40000 - 0x00007fff81e6b000 	C:\WINDOWS\System32\GDI32.dll
0x00007fff80a40000 - 0x00007fff80b59000 	C:\WINDOWS\System32\gdi32full.dll
0x00007fff6ec30000 - 0x00007fff6eecb000 	C:\WINDOWS\WinSxS\amd64_microsoft.windows.common-controls_6595b64144ccf1df_6.0.19041.6456_none_60b8a6cb71f64256\COMCTL32.dll
0x00007fff80b60000 - 0x00007fff80bfd000 	C:\WINDOWS\System32\msvcp_win.dll
0x00007fff79910000 - 0x00007fff7991a000 	C:\WINDOWS\SYSTEM32\VERSION.dll
0x00007fff815b0000 - 0x00007fff815df000 	C:\WINDOWS\System32\IMM32.DLL
0x00007fff78760000 - 0x00007fff7876c000 	C:\Program Files\Java\jdk-17\bin\vcruntime140_1.dll
0x00007fff43e50000 - 0x00007fff43ede000 	C:\Program Files\Java\jdk-17\bin\msvcp140.dll
0x00007fff19300000 - 0x00007fff19ee0000 	C:\Program Files\Java\jdk-17\bin\server\jvm.dll
0x00007fff81e30000 - 0x00007fff81e38000 	C:\WINDOWS\System32\PSAPI.DLL
0x00007fff61440000 - 0x00007fff61449000 	C:\WINDOWS\SYSTEM32\WSOCK32.dll
0x00007fff81ed0000 - 0x00007fff81f3b000 	C:\WINDOWS\System32\WS2_32.dll
0x00007fff6a220000 - 0x00007fff6a247000 	C:\WINDOWS\SYSTEM32\WINMM.dll
0x00007fff7ec30000 - 0x00007fff7ec42000 	C:\WINDOWS\SYSTEM32\kernel.appcore.dll
0x00007fff769d0000 - 0x00007fff769da000 	C:\Program Files\Java\jdk-17\bin\jimage.dll
0x00007fff7d140000 - 0x00007fff7d341000 	C:\WINDOWS\SYSTEM32\DBGHELP.DLL
0x00007fff6f6b0000 - 0x00007fff6f6e4000 	C:\WINDOWS\SYSTEM32\dbgcore.DLL
0x00007fff80750000 - 0x00007fff807d2000 	C:\WINDOWS\System32\bcryptPrimitives.dll
0x00007fff6eb40000 - 0x00007fff6eb4e000 	C:\Program Files\Java\jdk-17\bin\instrument.dll
0x00007fff6cb40000 - 0x00007fff6cb65000 	C:\Program Files\Java\jdk-17\bin\java.dll

dbghelp: loaded successfully - version: 4.0.5 - missing functions: none
symbol engine: initialized successfully - sym options: 0x614 - pdb path: .;C:\Program Files\Java\jdk-17\bin;C:\WINDOWS\SYSTEM32;C:\WINDOWS\WinSxS\amd64_microsoft.windows.common-controls_6595b64144ccf1df_6.0.19041.6456_none_60b8a6cb71f64256;C:\Program Files\Java\jdk-17\bin\server

VM Arguments:
jvm_args: -javaagent:C:\Program Files\JetBrains\IntelliJ IDEA Community Edition 2025.2.1\lib\idea_rt.jar=60730 -Dfile.encoding=UTF-8 
java_command: com.example.demo.Application
java_class_path (initial): C:\Users\LENOVO\Downloads\demo\demo\target\classes;C:\Users\LENOVO\.m2\repository\org\springframework\boot\spring-boot-starter-data-jpa\3.5.12-SNAPSHOT\spring-boot-starter-data-jpa-3.5.12-20260319.102750-51.jar;C:\Users\LENOVO\.m2\repository\org\springframework\boot\spring-boot-starter\3.5.12-SNAPSHOT\spring-boot-starter-3.5.12-20260319.102750-51.jar;C:\Users\LENOVO\.m2\repository\org\springframework\boot\spring-boot\3.5.12-SNAPSHOT\spring-boot-3.5.12-20260319.102750-51.jar;C:\Users\LENOVO\.m2\repository\org\springframework\boot\spring-boot-autoconfigure\3.5.12-SNAPSHOT\spring-boot-autoconfigure-3.5.12-20260319.102750-51.jar;C:\Users\LENOVO\.m2\repository\org\springframework\boot\spring-boot-starter-logging\3.5.12-SNAPSHOT\spring-boot-starter-logging-3.5.12-20260319.102750-51.jar;C:\Users\LENOVO\.m2\repository\ch\qos\logback\logback-classic\1.5.32\logback-classic-1.5.32.jar;C:\Users\LENOVO\.m2\repository\ch\qos\logback\logback-core\1.5.32\logback-core-1.5.32.jar;C:\Users\LENOVO\.m2\repository\org\apache\logging\log4j\log4j-to-slf4j\2.24.3\log4j-to-slf4j-2.24.3.jar;C:\Users\LENOVO\.m2\repository\org\apache\logging\log4j\log4j-api\2.24.3\log4j-api-2.24.3.jar;C:\Users\LENOVO\.m2\repository\org\slf4j\jul-to-slf4j\2.0.17\jul-to-slf4j-2.0.17.jar;C:\Users\LENOVO\.m2\repository\jakarta\annotation\jakarta.annotation-api\2.1.1\jakarta.annotation-api-2.1.1.jar;C:\Users\LENOVO\.m2\repository\org\yaml\snakeyaml\2.4\snakeyaml-2.4.jar;C:\Users\LENOVO\.m2\repository\org\springframework\boot\spring-boot-starter-jdbc\3.5.12-SNAPSHOT\spring-boot-starter-jdbc-3.5.12-20260319.102750-51.jar;C:\Users\LENOVO\.m2\repository\com\zaxxer\HikariCP\6.3.3\HikariCP-6.3.3.jar;C:\Users\LENOVO\.m2\repository\org\springframework\spring-jdbc\6.2.17\spring-jdbc-6.2.17.jar;C:\Users\LENOVO\.m2\repository\org\hibernate\orm\hibernate-core\6.6.44.Final\hibernate-core-6.6.44.Final.jar;C:\Users\LENOVO\.m2\repository\jakarta\persistence\jakarta.persistence-api\3.1.0\jakarta.persiste
Launcher Type: SUN_STANDARD

[Global flags]
     intx CICompilerCount                          = 3                                         {product} {ergonomic}
     uint ConcGCThreads                            = 1                                         {product} {ergonomic}
     uint G1ConcRefinementThreads                  = 4                                         {product} {ergonomic}
   size_t G1HeapRegionSize                         = 1048576                                   {product} {ergonomic}
    uintx GCDrainStackTargetSize                   = 64                                        {product} {ergonomic}
   size_t InitialHeapSize                          = 134217728                                 {product} {ergonomic}
   size_t MarkStackSize                            = 4194304                                   {product} {ergonomic}
   size_t MaxHeapSize                              = 2122317824                                {product} {ergonomic}
   size_t MinHeapDeltaBytes                        = 1048576                                   {product} {ergonomic}
   size_t MinHeapSize                              = 8388608                                   {product} {ergonomic}
    uintx NonNMethodCodeHeapSize                   = 5832780                                {pd product} {ergonomic}
    uintx NonProfiledCodeHeapSize                  = 122912730                              {pd product} {ergonomic}
    uintx ProfiledCodeHeapSize                     = 122912730                              {pd product} {ergonomic}
    uintx ReservedCodeCacheSize                    = 251658240                              {pd product} {ergonomic}
     bool SegmentedCodeCache                       = true                                      {product} {ergonomic}
   size_t SoftMaxHeapSize                          = 2122317824                             {manageable} {ergonomic}
     bool UseCompressedClassPointers               = true                           {product lp64_product} {ergonomic}
     bool UseCompressedOops                        = true                           {product lp64_product} {ergonomic}
     bool UseG1GC                                  = true                                      {product} {ergonomic}
     bool UseLargePagesIndividualAllocation        = false                                  {pd product} {ergonomic}

Logging:
Log output configuration:
 #0: stdout all=warning uptime,level,tags
 #1: stderr all=off uptime,level,tags

Environment Variables:
JAVA_HOME=C:\Program Files\Java\jdk-17
PATH=D:\SQL_PLUS\dbhomeXE\bin;C:\Program Files (x86)\VMware\VMware Workstation\bin\;C:\Program Files\Common Files\Oracle\Java\javapath;C:\Python310\Scripts\;C:\Python310\;C:\Program Files (x86)\Intel\iCLS Client\;C:\Program Files\Intel\iCLS Client\;C:\Windows\system32;C:\Windows;C:\Windows\System32\Wbem;C:\Windows\System32\WindowsPowerShell\v1.0\;C:\Program Files (x86)\Intel\Intel(R) Management Engine Components\DAL;C:\Program Files\Intel\Intel(R) Management Engine Components\DAL;C:\Program Files (x86)\Intel\Intel(R) Management Engine Components\IPT;C:\Program Files\Intel\Intel(R) Management Engine Components\IPT;C:\Program Files (x86)\NVIDIA Corporation\PhysX\Common;C:\Program Files\Php-8;C:\WINDOWS\system32;C:\WINDOWS;C:\WINDOWS\System32\Wbem;C:\WINDOWS\System32\WindowsPowerShell\v1.0\;C:\WINDOWS\System32\OpenSSH\;C:\Program Files\Git\cmd;C:\ProgramData\chocolatey\bin;C:\xampp\php;C:\composer;C:\Program Files\nodejs\;C:\Users\LENOVO\Downloads\apache-maven-3.9.11-bin;C:\Users\LENOVO\Downloads\apache-maven-3.9.11-bin\apache-maven-3.9.11\bin;C:\Users\LENOVO\Downloads\apache-maven-3.9.11-bin\apache-maven-3.9.11\bin;%JAVA_HOME%\bin;C:\Program Files (x86)\Microsoft SQL Server\170\Tools\Binn\;C:\Program Files\Microsoft SQL Server\170\Tools\Binn\;C:\Program Files\Microsoft SQL Server\Client SDK\ODBC\180\Tools\Binn\;C:\Program Files\Microsoft SQL Server\170\DTS\Binn\;C:\Program Files (x86)\Microsoft SQL Server\170\DTS\Binn\;D:\;C:\Program Files\Microsoft SQL Server\Client SDK\ODBC\170\Tools\Binn\;C:\Program Files\MySQL\MySQL Shell 8.0\bin\;C:\Users\LENOVO\AppData\Local\Microsoft\WindowsApps;C:\Users\LENOVO\AppData\Local\Programs\Microsoft VS Code\bin;C:\apache-maven-3.8.5\bin;C:\Users\LENOVO\AppData\Roaming\Composer\vendor\bin;C:\Users\LENOVO\AppData\Roaming\npm;C:\Program Files\JetBrains\IntelliJ IDEA Community Edition 2025.2.1\bin;D:\cursor\resources\app\bin
USERNAME=LENOVO
OS=Windows_NT
PROCESSOR_IDENTIFIER=Intel64 Family 6 Model 142 Stepping 9, GenuineIntel



---------------  S Y S T E M  ---------------

OS:
 Windows 10 , 64 bit Build 19041 (10.0.19041.5915)
OS uptime: 1 days 12:23 hours

CPU: total 4 (initial active 4) (2 cores per cpu, 2 threads per core) family 6 model 142 stepping 9 microcode 0xb4, cx8, cmov, fxsr, ht, mmx, 3dnowpref, sse, sse2, sse3, ssse3, sse4.1, sse4.2, popcnt, lzcnt, tsc, tscinvbit, avx, avx2, aes, erms, clmul, bmi1, bmi2, adx, fma, vzeroupper, clflush, clflushopt

Memory: 4k page, system-wide physical 8094M (354M free)
TotalPageFile size 16678M (AvailPageFile size 134M)
current process WorkingSet (physical memory assigned to process): 10M, peak: 10M
current process commit charge ("private bytes"): 51M, peak: 179M

vm_info: Java HotSpot(TM) 64-Bit Server VM (17.0.12+8-LTS-286) for windows-amd64 JRE (17.0.12+8-LTS-286), built on Jun  5 2024 06:46:59 by "mach5one" with MS VC++ 17.6 (VS2022)

END.
